src/routes/intelligence.routes.ts(23,56): error TS2339: Property 'recordActivity' does not exist on type 'typeof IntelligenceController'.
src/services/integration.service.ts(162,13): error TS18048: 'user.integrations' is possibly 'undefined'.
src/services/integration.service.ts(162,13): error TS18048: 'user.integrations.google' is possibly 'undefined'.
